// Jest Snapshot v1, https://goo.gl/fbAQLP

exports[`toHaveSelector negative 1`] = `
"[2mexpect([22m[31mreceived[39m[2m).[22mtoHaveSelector[2m([22m[32mexpected[39m[2m)[22m

Expected: page to have selector [32m\\"#foobar\\"[39m"
`;

exports[`toHaveSelector timeout should throw an error after the timeout exceeds 1`] = `
"[2mexpect([22m[31mreceived[39m[2m).[22mtoHaveSelector[2m([22m[32mexpected[39m[2m)[22m

Expected: page to have selector [32m\\"#foobar\\"[39m"
`;

exports[`toHaveSelector with 'not' usage negative 1`] = `
"[2mexpect([22m[31mreceived[39m[2m).[22mnot[2m.[22mtoHaveSelector[2m([22m[32mexpected[39m[2m)[22m

Expected: page to not have selector [32m\\"#foobar\\"[39m"
`;
