// Jest Snapshot v1, https://goo.gl/fbAQLP

exports[`toMatchComputedStyle element negative 1`] = `
"[2mexpect([22m[31mreceived[39m[2m).[22mtoMatchComputedStyle[2m([22m[32mexpected[39m[2m)[22m

Expected: [32m\\"white\\"[39m
Received: [31m\\"rgb(0, 0, 0)\\"[39m"
`;

exports[`toMatchComputedStyle selector negative 1`] = `
"[2mexpect([22m[31mreceived[39m[2m).[22mtoMatchComputedStyle[2m([22m[32mexpected[39m[2m)[22m

Expected: [32m\\"white\\"[39m
Received: [31m\\"rgb(0, 0, 0)\\"[39m"
`;

exports[`toMatchComputedStyle selector with 'not' usage negative 1`] = `
"[2mexpect([22m[31mreceived[39m[2m).[22mnot[2m.[22mtoMatchComputedStyle[2m([22m[32mexpected[39m[2m)[22m

Expected: not [32m\\"rgb(0, 0, 0)\\"[39m"
`;

exports[`toMatchComputedStyle timeout should throw an error after the timeout exceeds 1`] = `"Error: Timeout exceed for element '#foo'"`;
