// Jest Snapshot v1, https://goo.gl/fbAQLP

exports[`toBeVisible negative: handle-element : target element is not visible 1`] = `
"[2mexpect([22m[31mreceived[39m[2m).[22mtoBeVisible[2m([22m[32mexpected[39m[2m)[22m

Expected: element to be visible"
`;

exports[`toBeVisible negative: target element is not visible 1`] = `
"[2mexpect([22m[31mreceived[39m[2m).[22mtoBeVisible[2m([22m[32mexpected[39m[2m)[22m

Expected: element to be visible"
`;

exports[`toBeVisible timeout should throw an error after the timeout exceeds 1`] = `"Error: Timeout exceed for element '#foobar'"`;

exports[`toBeVisible with 'not' usage negative: haandle-element: target element is visible 1`] = `
"[2mexpect([22m[31mreceived[39m[2m).[22mnot[2m.[22mtoBeVisible[2m([22m[32mexpected[39m[2m)[22m

Expected: element to not be visible"
`;

exports[`toBeVisible with 'not' usage negative: target element is visible 1`] = `
"[2mexpect([22m[31mreceived[39m[2m).[22mnot[2m.[22mtoBeVisible[2m([22m[32mexpected[39m[2m)[22m

Expected: element to not be visible"
`;
