// Jest Snapshot v1, https://goo.gl/fbAQLP

exports[`expectPlaywright should be able to handle negative cases 1`] = `"'zzzBarzzz' is not included in 'zzzzz'."`;
